// Jest Snapshot v1, https://goo.gl/fbAQLP

exports[`PipelineStack should produce the expected cloudformation 1`] = `
{
  "Parameters": {
    "BootstrapVersion": {
      "Default": "/cdk-bootstrap/hnb659fds/version",
      "Description": "Version of the CDK Bootstrap resources in this environment, automatically retrieved from SSM Parameter Store. [cdk:skip]",
      "Type": "AWS::SSM::Parameter::Value<String>",
    },
  },
  "Resources": {
    "pipelineAssetsFileAsset1B09D90CC": {
      "Properties": {
        "Artifacts": {
          "Type": "CODEPIPELINE",
        },
        "Cache": {
          "Type": "NO_CACHE",
        },
        "Description": "Pipeline step stack-pipeline-dev/Pipeline/Assets/FileAsset1",
        "EncryptionKey": "alias/aws/s3",
        "Environment": {
          "ComputeType": "BUILD_GENERAL1_SMALL",
          "Image": "aws/codebuild/standard:7.0",
          "ImagePullCredentialsType": "CODEBUILD",
          "PrivilegedMode": false,
          "Type": "LINUX_CONTAINER",
        },
        "ServiceRole": {
          "Fn::GetAtt": [
            "pipelineAssetsFileRole3D849373",
            "Arn",
          ],
        },
        "Source": {
          "BuildSpec": "{
  "version": "0.2",
  "phases": {
    "install": {
      "commands": [
        "npm install -g cdk-assets@2"
      ]
    },
    "build": {
      "commands": [
        "cdk-assets --path \\"assembly-PipelineStack-stage/PipelineStackstagestack837418BF.assets.json\\" --verbose publish \\"c002d888ddef79ddca6b76a800b76a40ac055986cd0e367ac7ac602706618eed:current_account-current_region\\""
      ]
    }
  }
}",
          "Type": "CODEPIPELINE",
        },
      },
      "Type": "AWS::CodeBuild::Project",
    },
    "pipelineAssetsFileRole3D849373": {
      "Properties": {
        "AssumeRolePolicyDocument": {
          "Statement": [
            {
              "Action": "sts:AssumeRole",
              "Effect": "Allow",
              "Principal": {
                "Service": "codebuild.amazonaws.com",
              },
            },
            {
              "Action": "sts:AssumeRole",
              "Effect": "Allow",
              "Principal": {
                "AWS": {
                  "Fn::Join": [
                    "",
                    [
                      "arn:",
                      {
                        "Ref": "AWS::Partition",
                      },
                      ":iam::",
                      {
                        "Ref": "AWS::AccountId",
                      },
                      ":root",
                    ],
                  ],
                },
              },
            },
          ],
          "Version": "2012-10-17",
        },
      },
      "Type": "AWS::IAM::Role",
    },
    "pipelineAssetsFileRoleDefaultPolicy6EAB09DD": {
      "Properties": {
        "PolicyDocument": {
          "Statement": [
            {
              "Action": [
                "logs:CreateLogGroup",
                "logs:CreateLogStream",
                "logs:PutLogEvents",
              ],
              "Effect": "Allow",
              "Resource": {
                "Fn::Join": [
                  "",
                  [
                    "arn:",
                    {
                      "Ref": "AWS::Partition",
                    },
                    ":logs:",
                    {
                      "Ref": "AWS::Region",
                    },
                    ":",
                    {
                      "Ref": "AWS::AccountId",
                    },
                    ":log-group:/aws/codebuild/*",
                  ],
                ],
              },
            },
            {
              "Action": [
                "codebuild:CreateReportGroup",
                "codebuild:CreateReport",
                "codebuild:UpdateReport",
                "codebuild:BatchPutTestCases",
                "codebuild:BatchPutCodeCoverages",
              ],
              "Effect": "Allow",
              "Resource": {
                "Fn::Join": [
                  "",
                  [
                    "arn:",
                    {
                      "Ref": "AWS::Partition",
                    },
                    ":codebuild:",
                    {
                      "Ref": "AWS::Region",
                    },
                    ":",
                    {
                      "Ref": "AWS::AccountId",
                    },
                    ":report-group/*",
                  ],
                ],
              },
            },
            {
              "Action": [
                "codebuild:BatchGetBuilds",
                "codebuild:StartBuild",
                "codebuild:StopBuild",
              ],
              "Effect": "Allow",
              "Resource": "*",
            },
            {
              "Action": "sts:AssumeRole",
              "Effect": "Allow",
              "Resource": {
                "Fn::Sub": "arn:\${AWS::Partition}:iam::\${AWS::AccountId}:role/cdk-hnb659fds-file-publishing-role-\${AWS::AccountId}-\${AWS::Region}",
              },
            },
            {
              "Action": [
                "s3:GetObject*",
                "s3:GetBucket*",
                "s3:List*",
              ],
              "Effect": "Allow",
              "Resource": [
                {
                  "Fn::GetAtt": [
                    "pipelinePipelineArtifactsBucketC2CD5B5E",
                    "Arn",
                  ],
                },
                {
                  "Fn::Join": [
                    "",
                    [
                      {
                        "Fn::GetAtt": [
                          "pipelinePipelineArtifactsBucketC2CD5B5E",
                          "Arn",
                        ],
                      },
                      "/*",
                    ],
                  ],
                },
              ],
            },
          ],
          "Version": "2012-10-17",
        },
        "PolicyName": "pipelineAssetsFileRoleDefaultPolicy6EAB09DD",
        "Roles": [
          {
            "Ref": "pipelineAssetsFileRole3D849373",
          },
        ],
      },
      "Type": "AWS::IAM::Policy",
    },
    "pipelineCodeBuildActionRole4D1FDB53": {
      "Properties": {
        "AssumeRolePolicyDocument": {
          "Statement": [
            {
              "Action": "sts:AssumeRole",
              "Effect": "Allow",
              "Principal": {
                "AWS": {
                  "Fn::GetAtt": [
                    "pipelinePipelineRole7016E5DF",
                    "Arn",
                  ],
                },
              },
            },
          ],
          "Version": "2012-10-17",
        },
      },
      "Type": "AWS::IAM::Role",
    },
    "pipelineCodeBuildActionRoleDefaultPolicyE3C51929": {
      "Properties": {
        "PolicyDocument": {
          "Statement": [
            {
              "Action": [
                "codebuild:BatchGetBuilds",
                "codebuild:StartBuild",
                "codebuild:StopBuild",
              ],
              "Effect": "Allow",
              "Resource": {
                "Fn::GetAtt": [
                  "pipelinePipelineBuildSynthCdkBuildProject4237770A",
                  "Arn",
                ],
              },
            },
            {
              "Action": [
                "codebuild:BatchGetBuilds",
                "codebuild:StartBuild",
                "codebuild:StopBuild",
              ],
              "Effect": "Allow",
              "Resource": {
                "Fn::GetAtt": [
                  "pipelineUpdatePipelineSelfMutation14A96D2F",
                  "Arn",
                ],
              },
            },
            {
              "Action": [
                "codebuild:BatchGetBuilds",
                "codebuild:StartBuild",
                "codebuild:StopBuild",
              ],
              "Effect": "Allow",
              "Resource": {
                "Fn::GetAtt": [
                  "pipelineAssetsFileAsset1B09D90CC",
                  "Arn",
                ],
              },
            },
          ],
          "Version": "2012-10-17",
        },
        "PolicyName": "pipelineCodeBuildActionRoleDefaultPolicyE3C51929",
        "Roles": [
          {
            "Ref": "pipelineCodeBuildActionRole4D1FDB53",
          },
        ],
      },
      "Type": "AWS::IAM::Policy",
    },
    "pipelinePipeline4163A4B1": {
      "DependsOn": [
        "pipelinePipelineRoleDefaultPolicy16010F3E",
        "pipelinePipelineRole7016E5DF",
      ],
      "Properties": {
        "ArtifactStore": {
          "Location": {
            "Ref": "pipelinePipelineArtifactsBucketC2CD5B5E",
          },
          "Type": "S3",
        },
        "Name": "stack-pipeline-dev",
        "RestartExecutionOnUpdate": true,
        "RoleArn": {
          "Fn::GetAtt": [
            "pipelinePipelineRole7016E5DF",
            "Arn",
          ],
        },
        "Stages": [
          {
            "Actions": [
              {
                "ActionTypeId": {
                  "Category": "Source",
                  "Owner": "ThirdParty",
                  "Provider": "GitHub",
                  "Version": "1",
                },
                "Configuration": {
                  "Branch": "main",
                  "OAuthToken": "{{resolve:ssm:github-gplassard-oauth}}",
                  "Owner": "gplassard",
                  "PollForSourceChanges": false,
                  "Repo": "aws-tagging-metrics",
                },
                "Name": "gplassard_aws-tagging-metrics",
                "OutputArtifacts": [
                  {
                    "Name": "gplassard_aws_tagging_metrics_Source",
                  },
                ],
                "RunOrder": 1,
              },
            ],
            "Name": "Source",
          },
          {
            "Actions": [
              {
                "ActionTypeId": {
                  "Category": "Build",
                  "Owner": "AWS",
                  "Provider": "CodeBuild",
                  "Version": "1",
                },
                "Configuration": {
                  "EnvironmentVariables": "[{"name":"_PROJECT_CONFIG_HASH","type":"PLAINTEXT","value":"662a19edffd7e6cf5f25ebbab0daa160570be44d767fe3ff5a6178eecd6b3946"}]",
                  "ProjectName": {
                    "Ref": "pipelinePipelineBuildSynthCdkBuildProject4237770A",
                  },
                },
                "InputArtifacts": [
                  {
                    "Name": "gplassard_aws_tagging_metrics_Source",
                  },
                ],
                "Name": "Synth",
                "OutputArtifacts": [
                  {
                    "Name": "Synth_Output",
                  },
                ],
                "RoleArn": {
                  "Fn::GetAtt": [
                    "pipelineCodeBuildActionRole4D1FDB53",
                    "Arn",
                  ],
                },
                "RunOrder": 1,
              },
            ],
            "Name": "Build",
          },
          {
            "Actions": [
              {
                "ActionTypeId": {
                  "Category": "Build",
                  "Owner": "AWS",
                  "Provider": "CodeBuild",
                  "Version": "1",
                },
                "Configuration": {
                  "EnvironmentVariables": "[{"name":"_PROJECT_CONFIG_HASH","type":"PLAINTEXT","value":"167eef1378d6e6ad8c4c8da3461f900d6e066cd0916052ee812a8d94b87ad38c"}]",
                  "ProjectName": {
                    "Ref": "pipelineUpdatePipelineSelfMutation14A96D2F",
                  },
                },
                "InputArtifacts": [
                  {
                    "Name": "Synth_Output",
                  },
                ],
                "Name": "SelfMutate",
                "RoleArn": {
                  "Fn::GetAtt": [
                    "pipelineCodeBuildActionRole4D1FDB53",
                    "Arn",
                  ],
                },
                "RunOrder": 1,
              },
            ],
            "Name": "UpdatePipeline",
          },
          {
            "Actions": [
              {
                "ActionTypeId": {
                  "Category": "Build",
                  "Owner": "AWS",
                  "Provider": "CodeBuild",
                  "Version": "1",
                },
                "Configuration": {
                  "ProjectName": {
                    "Ref": "pipelineAssetsFileAsset1B09D90CC",
                  },
                },
                "InputArtifacts": [
                  {
                    "Name": "Synth_Output",
                  },
                ],
                "Name": "FileAsset1",
                "RoleArn": {
                  "Fn::GetAtt": [
                    "pipelineCodeBuildActionRole4D1FDB53",
                    "Arn",
                  ],
                },
                "RunOrder": 1,
              },
            ],
            "Name": "Assets",
          },
          {
            "Actions": [
              {
                "ActionTypeId": {
                  "Category": "Deploy",
                  "Owner": "AWS",
                  "Provider": "CloudFormation",
                  "Version": "1",
                },
                "Configuration": {
                  "ActionMode": "CHANGE_SET_REPLACE",
                  "Capabilities": "CAPABILITY_NAMED_IAM,CAPABILITY_AUTO_EXPAND",
                  "ChangeSetName": "PipelineChange",
                  "RoleArn": {
                    "Fn::Join": [
                      "",
                      [
                        "arn:",
                        {
                          "Ref": "AWS::Partition",
                        },
                        ":iam::",
                        {
                          "Ref": "AWS::AccountId",
                        },
                        ":role/cdk-hnb659fds-cfn-exec-role-",
                        {
                          "Ref": "AWS::AccountId",
                        },
                        "-",
                        {
                          "Ref": "AWS::Region",
                        },
                      ],
                    ],
                  },
                  "StackName": "stack-dev",
                  "TemplateConfiguration": "Synth_Output::assembly-PipelineStack-stage/PipelineStackstagestack837418BF.template.json.config.json",
                  "TemplatePath": "Synth_Output::assembly-PipelineStack-stage/PipelineStackstagestack837418BF.template.json",
                },
                "InputArtifacts": [
                  {
                    "Name": "Synth_Output",
                  },
                ],
                "Name": "Prepare",
                "RoleArn": {
                  "Fn::Join": [
                    "",
                    [
                      "arn:",
                      {
                        "Ref": "AWS::Partition",
                      },
                      ":iam::",
                      {
                        "Ref": "AWS::AccountId",
                      },
                      ":role/cdk-hnb659fds-deploy-role-",
                      {
                        "Ref": "AWS::AccountId",
                      },
                      "-",
                      {
                        "Ref": "AWS::Region",
                      },
                    ],
                  ],
                },
                "RunOrder": 1,
              },
              {
                "ActionTypeId": {
                  "Category": "Deploy",
                  "Owner": "AWS",
                  "Provider": "CloudFormation",
                  "Version": "1",
                },
                "Configuration": {
                  "ActionMode": "CHANGE_SET_EXECUTE",
                  "ChangeSetName": "PipelineChange",
                  "StackName": "stack-dev",
                },
                "Name": "Deploy",
                "RoleArn": {
                  "Fn::Join": [
                    "",
                    [
                      "arn:",
                      {
                        "Ref": "AWS::Partition",
                      },
                      ":iam::",
                      {
                        "Ref": "AWS::AccountId",
                      },
                      ":role/cdk-hnb659fds-deploy-role-",
                      {
                        "Ref": "AWS::AccountId",
                      },
                      "-",
                      {
                        "Ref": "AWS::Region",
                      },
                    ],
                  ],
                },
                "RunOrder": 2,
              },
            ],
            "Name": "stage",
          },
        ],
      },
      "Type": "AWS::CodePipeline::Pipeline",
    },
    "pipelinePipelineArtifactsBucketC2CD5B5E": {
      "DeletionPolicy": "Retain",
      "Properties": {
        "BucketEncryption": {
          "ServerSideEncryptionConfiguration": [
            {
              "ServerSideEncryptionByDefault": {
                "SSEAlgorithm": "aws:kms",
              },
            },
          ],
        },
        "PublicAccessBlockConfiguration": {
          "BlockPublicAcls": true,
          "BlockPublicPolicy": true,
          "IgnorePublicAcls": true,
          "RestrictPublicBuckets": true,
        },
      },
      "Type": "AWS::S3::Bucket",
      "UpdateReplacePolicy": "Retain",
    },
    "pipelinePipelineArtifactsBucketPolicy10A41055": {
      "Properties": {
        "Bucket": {
          "Ref": "pipelinePipelineArtifactsBucketC2CD5B5E",
        },
        "PolicyDocument": {
          "Statement": [
            {
              "Action": "s3:*",
              "Condition": {
                "Bool": {
                  "aws:SecureTransport": "false",
                },
              },
              "Effect": "Deny",
              "Principal": {
                "AWS": "*",
              },
              "Resource": [
                {
                  "Fn::GetAtt": [
                    "pipelinePipelineArtifactsBucketC2CD5B5E",
                    "Arn",
                  ],
                },
                {
                  "Fn::Join": [
                    "",
                    [
                      {
                        "Fn::GetAtt": [
                          "pipelinePipelineArtifactsBucketC2CD5B5E",
                          "Arn",
                        ],
                      },
                      "/*",
                    ],
                  ],
                },
              ],
            },
            {
              "Action": [
                "s3:GetObject*",
                "s3:GetBucket*",
                "s3:List*",
              ],
              "Effect": "Allow",
              "Principal": {
                "AWS": {
                  "Fn::Join": [
                    "",
                    [
                      "arn:",
                      {
                        "Ref": "AWS::Partition",
                      },
                      ":iam::",
                      {
                        "Ref": "AWS::AccountId",
                      },
                      ":role/cdk-hnb659fds-deploy-role-",
                      {
                        "Ref": "AWS::AccountId",
                      },
                      "-",
                      {
                        "Ref": "AWS::Region",
                      },
                    ],
                  ],
                },
              },
              "Resource": [
                {
                  "Fn::GetAtt": [
                    "pipelinePipelineArtifactsBucketC2CD5B5E",
                    "Arn",
                  ],
                },
                {
                  "Fn::Join": [
                    "",
                    [
                      {
                        "Fn::GetAtt": [
                          "pipelinePipelineArtifactsBucketC2CD5B5E",
                          "Arn",
                        ],
                      },
                      "/*",
                    ],
                  ],
                },
              ],
            },
          ],
          "Version": "2012-10-17",
        },
      },
      "Type": "AWS::S3::BucketPolicy",
    },
    "pipelinePipelineBuildSynthCdkBuildProject4237770A": {
      "Properties": {
        "Artifacts": {
          "Type": "CODEPIPELINE",
        },
        "Cache": {
          "Type": "NO_CACHE",
        },
        "Description": "Pipeline step stack-pipeline-dev/Pipeline/Build/Synth",
        "EncryptionKey": "alias/aws/s3",
        "Environment": {
          "ComputeType": "BUILD_GENERAL1_SMALL",
          "Image": "aws/codebuild/standard:7.0",
          "ImagePullCredentialsType": "CODEBUILD",
          "PrivilegedMode": false,
          "Type": "LINUX_CONTAINER",
        },
        "ServiceRole": {
          "Fn::GetAtt": [
            "pipelinePipelineBuildSynthCdkBuildProjectRole0C39D18F",
            "Arn",
          ],
        },
        "Source": {
          "BuildSpec": "{
  "version": "0.2",
  "phases": {
    "build": {
      "commands": [
        "yarn install",
        "yarn cdk synth"
      ]
    }
  },
  "artifacts": {
    "base-directory": "cdk.out",
    "files": "**/*"
  }
}",
          "Type": "CODEPIPELINE",
        },
      },
      "Type": "AWS::CodeBuild::Project",
    },
    "pipelinePipelineBuildSynthCdkBuildProjectRole0C39D18F": {
      "Properties": {
        "AssumeRolePolicyDocument": {
          "Statement": [
            {
              "Action": "sts:AssumeRole",
              "Effect": "Allow",
              "Principal": {
                "Service": "codebuild.amazonaws.com",
              },
            },
          ],
          "Version": "2012-10-17",
        },
      },
      "Type": "AWS::IAM::Role",
    },
    "pipelinePipelineBuildSynthCdkBuildProjectRoleDefaultPolicyB3981181": {
      "Properties": {
        "PolicyDocument": {
          "Statement": [
            {
              "Action": [
                "logs:CreateLogGroup",
                "logs:CreateLogStream",
                "logs:PutLogEvents",
              ],
              "Effect": "Allow",
              "Resource": [
                {
                  "Fn::Join": [
                    "",
                    [
                      "arn:",
                      {
                        "Ref": "AWS::Partition",
                      },
                      ":logs:",
                      {
                        "Ref": "AWS::Region",
                      },
                      ":",
                      {
                        "Ref": "AWS::AccountId",
                      },
                      ":log-group:/aws/codebuild/",
                      {
                        "Ref": "pipelinePipelineBuildSynthCdkBuildProject4237770A",
                      },
                    ],
                  ],
                },
                {
                  "Fn::Join": [
                    "",
                    [
                      "arn:",
                      {
                        "Ref": "AWS::Partition",
                      },
                      ":logs:",
                      {
                        "Ref": "AWS::Region",
                      },
                      ":",
                      {
                        "Ref": "AWS::AccountId",
                      },
                      ":log-group:/aws/codebuild/",
                      {
                        "Ref": "pipelinePipelineBuildSynthCdkBuildProject4237770A",
                      },
                      ":*",
                    ],
                  ],
                },
              ],
            },
            {
              "Action": [
                "codebuild:CreateReportGroup",
                "codebuild:CreateReport",
                "codebuild:UpdateReport",
                "codebuild:BatchPutTestCases",
                "codebuild:BatchPutCodeCoverages",
              ],
              "Effect": "Allow",
              "Resource": {
                "Fn::Join": [
                  "",
                  [
                    "arn:",
                    {
                      "Ref": "AWS::Partition",
                    },
                    ":codebuild:",
                    {
                      "Ref": "AWS::Region",
                    },
                    ":",
                    {
                      "Ref": "AWS::AccountId",
                    },
                    ":report-group/",
                    {
                      "Ref": "pipelinePipelineBuildSynthCdkBuildProject4237770A",
                    },
                    "-*",
                  ],
                ],
              },
            },
            {
              "Action": [
                "s3:GetObject*",
                "s3:GetBucket*",
                "s3:List*",
                "s3:DeleteObject*",
                "s3:PutObject",
                "s3:PutObjectLegalHold",
                "s3:PutObjectRetention",
                "s3:PutObjectTagging",
                "s3:PutObjectVersionTagging",
                "s3:Abort*",
              ],
              "Effect": "Allow",
              "Resource": [
                {
                  "Fn::GetAtt": [
                    "pipelinePipelineArtifactsBucketC2CD5B5E",
                    "Arn",
                  ],
                },
                {
                  "Fn::Join": [
                    "",
                    [
                      {
                        "Fn::GetAtt": [
                          "pipelinePipelineArtifactsBucketC2CD5B5E",
                          "Arn",
                        ],
                      },
                      "/*",
                    ],
                  ],
                },
              ],
            },
          ],
          "Version": "2012-10-17",
        },
        "PolicyName": "pipelinePipelineBuildSynthCdkBuildProjectRoleDefaultPolicyB3981181",
        "Roles": [
          {
            "Ref": "pipelinePipelineBuildSynthCdkBuildProjectRole0C39D18F",
          },
        ],
      },
      "Type": "AWS::IAM::Policy",
    },
    "pipelinePipelineRole7016E5DF": {
      "Properties": {
        "AssumeRolePolicyDocument": {
          "Statement": [
            {
              "Action": "sts:AssumeRole",
              "Effect": "Allow",
              "Principal": {
                "Service": "codepipeline.amazonaws.com",
              },
            },
          ],
          "Version": "2012-10-17",
        },
      },
      "Type": "AWS::IAM::Role",
    },
    "pipelinePipelineRoleDefaultPolicy16010F3E": {
      "Properties": {
        "PolicyDocument": {
          "Statement": [
            {
              "Action": [
                "s3:GetObject*",
                "s3:GetBucket*",
                "s3:List*",
                "s3:DeleteObject*",
                "s3:PutObject",
                "s3:PutObjectLegalHold",
                "s3:PutObjectRetention",
                "s3:PutObjectTagging",
                "s3:PutObjectVersionTagging",
                "s3:Abort*",
              ],
              "Effect": "Allow",
              "Resource": [
                {
                  "Fn::GetAtt": [
                    "pipelinePipelineArtifactsBucketC2CD5B5E",
                    "Arn",
                  ],
                },
                {
                  "Fn::Join": [
                    "",
                    [
                      {
                        "Fn::GetAtt": [
                          "pipelinePipelineArtifactsBucketC2CD5B5E",
                          "Arn",
                        ],
                      },
                      "/*",
                    ],
                  ],
                },
              ],
            },
            {
              "Action": "sts:AssumeRole",
              "Effect": "Allow",
              "Resource": {
                "Fn::GetAtt": [
                  "pipelineCodeBuildActionRole4D1FDB53",
                  "Arn",
                ],
              },
            },
            {
              "Action": "sts:AssumeRole",
              "Effect": "Allow",
              "Resource": {
                "Fn::Join": [
                  "",
                  [
                    "arn:",
                    {
                      "Ref": "AWS::Partition",
                    },
                    ":iam::",
                    {
                      "Ref": "AWS::AccountId",
                    },
                    ":role/cdk-hnb659fds-deploy-role-",
                    {
                      "Ref": "AWS::AccountId",
                    },
                    "-",
                    {
                      "Ref": "AWS::Region",
                    },
                  ],
                ],
              },
            },
          ],
          "Version": "2012-10-17",
        },
        "PolicyName": "pipelinePipelineRoleDefaultPolicy16010F3E",
        "Roles": [
          {
            "Ref": "pipelinePipelineRole7016E5DF",
          },
        ],
      },
      "Type": "AWS::IAM::Policy",
    },
    "pipelinePipelineSourcegplassardawstaggingmetricsWebhookResource649A21F2": {
      "Properties": {
        "Authentication": "GITHUB_HMAC",
        "AuthenticationConfiguration": {
          "SecretToken": "{{resolve:ssm:github-gplassard-oauth}}",
        },
        "Filters": [
          {
            "JsonPath": "$.ref",
            "MatchEquals": "refs/heads/{Branch}",
          },
        ],
        "RegisterWithThirdParty": true,
        "TargetAction": "gplassard_aws-tagging-metrics",
        "TargetPipeline": {
          "Ref": "pipelinePipeline4163A4B1",
        },
        "TargetPipelineVersion": 1,
      },
      "Type": "AWS::CodePipeline::Webhook",
    },
    "pipelineUpdatePipelineSelfMutation14A96D2F": {
      "Properties": {
        "Artifacts": {
          "Type": "CODEPIPELINE",
        },
        "Cache": {
          "Type": "NO_CACHE",
        },
        "Description": "Pipeline step stack-pipeline-dev/Pipeline/UpdatePipeline/SelfMutate",
        "EncryptionKey": "alias/aws/s3",
        "Environment": {
          "ComputeType": "BUILD_GENERAL1_SMALL",
          "Image": "aws/codebuild/standard:7.0",
          "ImagePullCredentialsType": "CODEBUILD",
          "PrivilegedMode": false,
          "Type": "LINUX_CONTAINER",
        },
        "Name": "stack-pipeline-dev-selfupdate",
        "ServiceRole": {
          "Fn::GetAtt": [
            "pipelineUpdatePipelineSelfMutationRole91820177",
            "Arn",
          ],
        },
        "Source": {
          "BuildSpec": "{
  "version": "0.2",
  "phases": {
    "install": {
      "commands": [
        "npm install -g aws-cdk@2"
      ]
    },
    "build": {
      "commands": [
        "cdk -a . deploy PipelineStack --require-approval=never --verbose"
      ]
    }
  }
}",
          "Type": "CODEPIPELINE",
        },
      },
      "Type": "AWS::CodeBuild::Project",
    },
    "pipelineUpdatePipelineSelfMutationRole91820177": {
      "Properties": {
        "AssumeRolePolicyDocument": {
          "Statement": [
            {
              "Action": "sts:AssumeRole",
              "Effect": "Allow",
              "Principal": {
                "Service": "codebuild.amazonaws.com",
              },
            },
          ],
          "Version": "2012-10-17",
        },
      },
      "Type": "AWS::IAM::Role",
    },
    "pipelineUpdatePipelineSelfMutationRoleDefaultPolicy095404B8": {
      "Properties": {
        "PolicyDocument": {
          "Statement": [
            {
              "Action": [
                "logs:CreateLogGroup",
                "logs:CreateLogStream",
                "logs:PutLogEvents",
              ],
              "Effect": "Allow",
              "Resource": [
                {
                  "Fn::Join": [
                    "",
                    [
                      "arn:",
                      {
                        "Ref": "AWS::Partition",
                      },
                      ":logs:",
                      {
                        "Ref": "AWS::Region",
                      },
                      ":",
                      {
                        "Ref": "AWS::AccountId",
                      },
                      ":log-group:/aws/codebuild/",
                      {
                        "Ref": "pipelineUpdatePipelineSelfMutation14A96D2F",
                      },
                    ],
                  ],
                },
                {
                  "Fn::Join": [
                    "",
                    [
                      "arn:",
                      {
                        "Ref": "AWS::Partition",
                      },
                      ":logs:",
                      {
                        "Ref": "AWS::Region",
                      },
                      ":",
                      {
                        "Ref": "AWS::AccountId",
                      },
                      ":log-group:/aws/codebuild/",
                      {
                        "Ref": "pipelineUpdatePipelineSelfMutation14A96D2F",
                      },
                      ":*",
                    ],
                  ],
                },
              ],
            },
            {
              "Action": [
                "codebuild:CreateReportGroup",
                "codebuild:CreateReport",
                "codebuild:UpdateReport",
                "codebuild:BatchPutTestCases",
                "codebuild:BatchPutCodeCoverages",
              ],
              "Effect": "Allow",
              "Resource": {
                "Fn::Join": [
                  "",
                  [
                    "arn:",
                    {
                      "Ref": "AWS::Partition",
                    },
                    ":codebuild:",
                    {
                      "Ref": "AWS::Region",
                    },
                    ":",
                    {
                      "Ref": "AWS::AccountId",
                    },
                    ":report-group/",
                    {
                      "Ref": "pipelineUpdatePipelineSelfMutation14A96D2F",
                    },
                    "-*",
                  ],
                ],
              },
            },
            {
              "Action": "sts:AssumeRole",
              "Condition": {
                "ForAnyValue:StringEquals": {
                  "iam:ResourceTag/aws-cdk:bootstrap-role": [
                    "image-publishing",
                    "file-publishing",
                    "deploy",
                  ],
                },
              },
              "Effect": "Allow",
              "Resource": {
                "Fn::Join": [
                  "",
                  [
                    "arn:*:iam::",
                    {
                      "Ref": "AWS::AccountId",
                    },
                    ":role/*",
                  ],
                ],
              },
            },
            {
              "Action": "cloudformation:DescribeStacks",
              "Effect": "Allow",
              "Resource": "*",
            },
            {
              "Action": "s3:ListBucket",
              "Effect": "Allow",
              "Resource": "*",
            },
            {
              "Action": [
                "s3:GetObject*",
                "s3:GetBucket*",
                "s3:List*",
              ],
              "Effect": "Allow",
              "Resource": [
                {
                  "Fn::GetAtt": [
                    "pipelinePipelineArtifactsBucketC2CD5B5E",
                    "Arn",
                  ],
                },
                {
                  "Fn::Join": [
                    "",
                    [
                      {
                        "Fn::GetAtt": [
                          "pipelinePipelineArtifactsBucketC2CD5B5E",
                          "Arn",
                        ],
                      },
                      "/*",
                    ],
                  ],
                },
              ],
            },
          ],
          "Version": "2012-10-17",
        },
        "PolicyName": "pipelineUpdatePipelineSelfMutationRoleDefaultPolicy095404B8",
        "Roles": [
          {
            "Ref": "pipelineUpdatePipelineSelfMutationRole91820177",
          },
        ],
      },
      "Type": "AWS::IAM::Policy",
    },
  },
  "Rules": {
    "CheckBootstrapVersion": {
      "Assertions": [
        {
          "Assert": {
            "Fn::Not": [
              {
                "Fn::Contains": [
                  [
                    "1",
                    "2",
                    "3",
                    "4",
                    "5",
                  ],
                  {
                    "Ref": "BootstrapVersion",
                  },
                ],
              },
            ],
          },
          "AssertDescription": "CDK bootstrap stack version 6 required. Please run 'cdk bootstrap' with a recent version of the CDK CLI.",
        },
      ],
    },
  },
}
`;
